// Jest Snapshot v1, https://goo.gl/fbAQLP

exports[`fundraising event tests - correct Tiltify fundraising event returned 1`] = `
[
  {
    "avatar": {
      "alt": "alt",
      "height": 64,
      "src": "https://assets.tiltify.com/uploads/fundraising_event/avatar/267271/blob-af8c6808-6761-4f4f-ab3b-28e10759d4f5.png",
      "width": 64,
    },
    "can_publish_supporting_at": null,
    "cause_id": "e11b36e3-02f7-4280-969f-9069cd2d55f0",
    "currency_code": "USD",
    "description": "The Tiltify Impact Fund is a tax-exempt 501c3 initiative in partnership with the Edward Charles Foundation.  The Tiltify Impact Fund is used to grant funds to other charitable organizations on behalf of Tiltify fundraising campaigns.",
    "donate_url": "https://donate.tiltify.com/tif/thankmas-2024",
    "end_supporting_at": null,
    "ends_at": null,
    "goal": {
      "currency": "USD",
      "value": "6000000",
    },
    "id": "4ffe1f38-1407-43a8-a44c-d3761a85be09",
    "inserted_at": "2024-10-08T00:31:00Z",
    "legacy_id": 267271,
    "name": "Thankmas 2024",
    "published_at": "2024-10-14T17:06:22Z",
    "retired_at": "2025-01-08T02:06:26Z",
    "slug": "thankmas-2024",
    "start_supporting_at": null,
    "starts_at": null,
    "status": "retired",
    "total_amount_raised": {
      "currency": "USD",
      "value": Any<String>,
    },
    "updated_at": "2025-01-08T02:06:26Z",
    "url": "https://tiltify.com/tif/thankmas-2024",
  },
]
`;
